### Section ignore
cd %BUILD%/RerunTest.othervm/work/scratch && \
# @ignore:  (suppressed)

