### Section ignore
cd %BUILD%/RerunTest.agentvm/work/scratch && \
# @ignore:  (suppressed)

